============================= test session starts =============================
platform win32 -- Python 3.10.19, pytest-8.4.2, pluggy-1.5.0 -- C:\Users\PC\.conda\envs\geologai\python.exe
cachedir: .pytest_cache
rootdir: D:\GeologAI\backend\tests
configfile: pytest.ini
plugins: anyio-4.11.0, asyncio-1.0.0, cov-7.0.0
asyncio: mode=strict, asyncio_default_fixture_loop_scope=None, asyncio_default_test_loop_scope=function
collecting ... collected 1 item

tests\test_crud.py::TestUserCRUD::test_create_user PASSED                [100%]

============================== warnings summary ===============================
app\db\session.py:39
  D:\GeologAI\backend\app\db\session.py:39: MovedIn20Warning: The ``declarative_base()`` function is now available as sqlalchemy.orm.declarative_base(). (deprecated since: 2.0) (Background on SQLAlchemy 2.0 at: https://sqlalche.me/e/b8d9)
    Base = declarative_base()

app\schemas\__init__.py:20
  D:\GeologAI\backend\app\schemas\__init__.py:20: PydanticDeprecatedSince20: Pydantic V1 style `@validator` validators are deprecated. You should migrate to Pydantic V2 style `@field_validator` validators, see the migration guide for more details. Deprecated in Pydantic V2.0 to be removed in V3.0. See Pydantic V2 Migration Guide at https://errors.pydantic.dev/2.12/migration/
    @validator('password')

app\schemas\__init__.py:36
  D:\GeologAI\backend\app\schemas\__init__.py:36: PydanticDeprecatedSince20: Support for class-based `config` is deprecated, use ConfigDict instead. Deprecated in Pydantic V2.0 to be removed in V3.0. See Pydantic V2 Migration Guide at https://errors.pydantic.dev/2.12/migration/
    class UserResponse(UserBase):

app\schemas\__init__.py:96
  D:\GeologAI\backend\app\schemas\__init__.py:96: PydanticDeprecatedSince20: Support for class-based `config` is deprecated, use ConfigDict instead. Deprecated in Pydantic V2.0 to be removed in V3.0. See Pydantic V2 Migration Guide at https://errors.pydantic.dev/2.12/migration/
    class ProjectResponse(ProjectBase):

app\schemas\__init__.py:139
  D:\GeologAI\backend\app\schemas\__init__.py:139: PydanticDeprecatedSince20: Support for class-based `config` is deprecated, use ConfigDict instead. Deprecated in Pydantic V2.0 to be removed in V3.0. See Pydantic V2 Migration Guide at https://errors.pydantic.dev/2.12/migration/
    class WellLogResponse(WellLogBase):

app\schemas\__init__.py:166
  D:\GeologAI\backend\app\schemas\__init__.py:166: PydanticDeprecatedSince20: Support for class-based `config` is deprecated, use ConfigDict instead. Deprecated in Pydantic V2.0 to be removed in V3.0. See Pydantic V2 Migration Guide at https://errors.pydantic.dev/2.12/migration/
    class CurveDataResponse(CurveDataBase):

app\schemas\__init__.py:193
  D:\GeologAI\backend\app\schemas\__init__.py:193: PydanticDeprecatedSince20: Support for class-based `config` is deprecated, use ConfigDict instead. Deprecated in Pydantic V2.0 to be removed in V3.0. See Pydantic V2 Migration Guide at https://errors.pydantic.dev/2.12/migration/
    class AIModelResponse(AIModelBase):

app\schemas\__init__.py:221
  D:\GeologAI\backend\app\schemas\__init__.py:221: PydanticDeprecatedSince20: Support for class-based `config` is deprecated, use ConfigDict instead. Deprecated in Pydantic V2.0 to be removed in V3.0. See Pydantic V2 Migration Guide at https://errors.pydantic.dev/2.12/migration/
    class PredictionResponse(BaseModel):

app\schemas\__init__.py:285
  D:\GeologAI\backend\app\schemas\__init__.py:285: PydanticDeprecatedSince20: The `update_forward_refs` method is deprecated; use `model_rebuild` instead. Deprecated in Pydantic V2.0 to be removed in V3.0. See Pydantic V2 Migration Guide at https://errors.pydantic.dev/2.12/migration/
    ProjectDetailResponse.update_forward_refs()

-- Docs: https://docs.pytest.org/en/stable/how-to/capture-warnings.html
======================== 1 passed, 9 warnings in 0.24s ========================
